main.c:217:6:HAL_GPIO_EXTI_Callback	16	static
main.c:256:6:Sys_1ms_Tick	4	static
main.c:277:5:main	16	static
main.c:342:6:SystemClock_Config	88	static
main.c:387:6:launchLED	8	static
main.c:445:6:get_aLight	40	static
main.c:474:6:innit_aLight	24	static
main.c:495:10:mapBitInNZR	16	static
main.c:503:10:getColorInBit	24	static
main.c:511:9:switchBitOrder	24	static
main.c:525:6:save	8	static
main.c:530:6:bringback	8	static
main.c:535:6:init	8	static
main.c:545:6:testInit	8	static
main.c:567:6:checkArgs	4	static
main.c:611:6:exeLED	8	static
main.c:641:11:colorSwitch	32	static
main.c:694:6:testMode	16	static
main.c:718:6:oneColour	8	static
main.c:723:6:colourPulse	24	static
main.c:759:6:colourFade	16	static
main.c:797:6:rainbow	8	static
main.c:818:6:iconGenerator	40	static
main.c:843:6:iconMode	24	static
main.c:889:6:CMN	8	static
main.c:898:6:CMP	8	static
main.c:907:6:CCN	8	static
main.c:919:6:CCP	8	static
main.c:931:6:CBU	16	static
main.c:940:6:CBD	16	static
main.c:949:6:CSU	16	static
main.c:958:6:CSD	16	static
main.c:972:6:eraseSector5	40	static
main.c:992:6:getNextFreeFlashWord	8	static
main.c:1011:6:SaveVarsToFlash	40	static
main.c:1040:6:getVarsFromFlash	16	static
main.c:1068:6:communicationProtocol	16	static
main.c:1155:6:readFrame	32	static
main.c:1225:5:controlSumRX	64	dynamic
main.c:1254:6:readCommand	72	dynamic
main.c:1488:6:returnFrameAppend	16	static
main.c:1495:5:compareCommand	40	static
main.c:1521:10:hex2int	24	static
main.c:1534:5:numOfDigits	32	static
main.c:1547:6:HAL_UART_RxCpltCallback	16	static
main.c:1562:6:HAL_UART_TxCpltCallback	24	static
main.c:1579:6:Send	120	static,ignoring_inline_asm
main.c:1632:6:Error_Handler	4	static
